#-----------------------------------------------------------
# Webtalk v2019.2 (64-bit)
# SW Build 2708876 on Wed Nov  6 21:40:23 MST 2019
# IP Build 2700528 on Thu Nov  7 00:09:20 MST 2019
# Start of session at: Thu Dec  9 20:20:53 2021
# Process ID: 21652
# Current directory: C:/Vivado_project/ECE481/Project/FIR_8order_8bit_sys_save_as/FIR_8order_8bit_sys_save_as.sim/sim_1/behav/xsim
# Command line: wbtcv.exe -mode batch -source C:/Vivado_project/ECE481/Project/FIR_8order_8bit_sys_save_as/FIR_8order_8bit_sys_save_as.sim/sim_1/behav/xsim/xsim.dir/FIR_test_behav/webtalk/xsim_webtalk.tcl -notrace
# Log file: C:/Vivado_project/ECE481/Project/FIR_8order_8bit_sys_save_as/FIR_8order_8bit_sys_save_as.sim/sim_1/behav/xsim/webtalk.log
# Journal file: C:/Vivado_project/ECE481/Project/FIR_8order_8bit_sys_save_as/FIR_8order_8bit_sys_save_as.sim/sim_1/behav/xsim\webtalk.jou
#-----------------------------------------------------------
source C:/Vivado_project/ECE481/Project/FIR_8order_8bit_sys_save_as/FIR_8order_8bit_sys_save_as.sim/sim_1/behav/xsim/xsim.dir/FIR_test_behav/webtalk/xsim_webtalk.tcl -notrace
